../Core/Inc/ssd1306.c:44:6:SSD1306_ScrollRight	16	static
../Core/Inc/ssd1306.c:57:6:SSD1306_ScrollLeft	16	static
../Core/Inc/ssd1306.c:70:6:SSD1306_Scrolldiagright	16	static
../Core/Inc/ssd1306.c:86:6:SSD1306_Scrolldiagleft	16	static
../Core/Inc/ssd1306.c:102:6:SSD1306_Stopscroll	8	static
../Core/Inc/ssd1306.c:109:6:SSD1306_InvertDisplay	16	static
../Core/Inc/ssd1306.c:118:6:SSD1306_DrawBitmap	32	static
../Core/Inc/ssd1306.c:148:9:SSD1306_Init	16	static
../Core/Inc/ssd1306.c:214:6:SSD1306_UpdateScreen	16	static
../Core/Inc/ssd1306.c:227:6:SSD1306_ToggleInvert	16	static
../Core/Inc/ssd1306.c:239:6:SSD1306_Fill	16	static
../Core/Inc/ssd1306.c:244:6:SSD1306_DrawPixel	16	static
../Core/Inc/ssd1306.c:266:6:SSD1306_GotoXY	16	static
../Core/Inc/ssd1306.c:272:6:SSD1306_Putc	32	static
../Core/Inc/ssd1306.c:303:6:SSD1306_Puts	24	static
../Core/Inc/ssd1306.c:321:6:SSD1306_DrawLine	40	static
../Core/Inc/ssd1306.c:405:6:SSD1306_DrawRectangle	32	static
../Core/Inc/ssd1306.c:430:6:SSD1306_DrawFilledRectangle	40	static
../Core/Inc/ssd1306.c:457:6:SSD1306_DrawTriangle	32	static
../Core/Inc/ssd1306.c:465:6:SSD1306_DrawFilledTriangle	64	static
../Core/Inc/ssd1306.c:521:6:SSD1306_DrawCircle	40	static
../Core/Inc/ssd1306.c:555:6:SSD1306_DrawFilledCircle	48	static
../Core/Inc/ssd1306.c:588:6:SSD1306_Clear	8	static
../Core/Inc/ssd1306.c:593:6:SSD1306_ON	8	static
../Core/Inc/ssd1306.c:598:6:SSD1306_OFF	8	static
../Core/Inc/ssd1306.c:614:6:ssd1306_I2C_Init	16	static
../Core/Inc/ssd1306.c:626:6:ssd1306_I2C_WriteMulti	296	static
../Core/Inc/ssd1306.c:636:6:ssd1306_I2C_Write	32	static
